map_width 10 map_height 8

tile_0_begin x 0 y 0 z 0 tile 0059 end
tile_1_begin x 1 y 0 z 0 tile 0059 end
tile_2_begin x 2 y 0 z 0 tile 0059 end
tile_3_begin x 3 y 0 z 0 tile 0059 end
tile_4_begin x 4 y 0 z 0 tile 0059 end
tile_5_begin x 5 y 0 z 0 tile 0059 end
tile_6_begin x 6 y 0 z 0 tile 0059 end
tile_7_begin x 7 y 0 z 0 tile 0059 end
tile_8_begin x 8 y 0 z 0 tile 0059 end
tile_9_begin x 9 y 0 z 0 tile 0059 end

tile_0_begin x 0 y 1 z 0 tile 0059 end
tile_1_begin x 1 y 1 z 0 tile 0102 end
tile_2_begin x 2 y 1 z 0 tile 0102 end
tile_3_begin x 3 y 1 z 0 tile 0102 end
tile_4_begin x 4 y 1 z 0 tile 0102 end
tile_5_begin x 5 y 1 z 0 tile 0102 end
tile_6_begin x 6 y 1 z 0 tile 0102 end
tile_7_begin x 7 y 1 z 0 tile 0102 end
tile_8_begin x 8 y 1 z 0 tile 0102 end
tile_9_begin x 9 y 1 z 0 tile 0059 end

tile_0_begin x 0 y 2 z 0 tile 0059 end
tile_1_begin x 1 y 2 z 0 tile 0102 end
tile_2_begin x 2 y 2 z 0 tile 0102 end
tile_3_begin x 3 y 2 z 0 tile 0102 end
tile_4_begin x 4 y 2 z 0 tile 0102 end
tile_5_begin x 5 y 2 z 0 tile 0102 end
tile_6_begin x 6 y 2 z 0 tile 0102 end
tile_7_begin x 7 y 2 z 0 tile 0102 end
tile_8_begin x 8 y 2 z 0 tile 0102 end
tile_9_begin x 9 y 2 z 0 tile 0059 end

tile_0_begin x 0 y 3 z 0 tile 0059 end
tile_1_begin x 1 y 3 z 0 tile 0102 end
tile_2_begin x 2 y 3 z 0 tile 0102 end
tile_3_begin x 3 y 3 z 0 tile 0102 end
tile_4_begin x 4 y 3 z 0 tile 0102 end
tile_5_begin x 5 y 3 z 0 tile 0102 end
tile_6_begin x 6 y 3 z 0 tile 0102 end
tile_7_begin x 7 y 3 z 0 tile 0102 end
tile_8_begin x 8 y 3 z 0 tile 0102 end
tile_9_begin x 9 y 3 z 0 tile 0059 end

tile_0_begin x 0 y 4 z 0 tile 0059 end
tile_1_begin x 1 y 4 z 0 tile 0102 end
tile_2_begin x 2 y 4 z 0 tile 0102 end
tile_3_begin x 3 y 4 z 0 tile 0102 end
tile_4_begin x 4 y 4 z 0 tile 0102 end
tile_5_begin x 5 y 4 z 0 tile 0102 end
tile_6_begin x 6 y 4 z 0 tile 0102 end
tile_7_begin x 7 y 4 z 0 tile 0102 end
tile_8_begin x 8 y 4 z 0 tile 0102 end
tile_9_begin x 9 y 4 z 0 tile 0059 end

tile_0_begin x 0 y 5 z 0 tile 0059 end
tile_1_begin x 1 y 5 z 0 tile 0102 end
tile_2_begin x 2 y 5 z 0 tile 0102 end
tile_3_begin x 3 y 5 z 0 tile 0102 end
tile_4_begin x 4 y 5 z 0 tile 0102 end
tile_5_begin x 5 y 5 z 0 tile 0102 end
tile_6_begin x 6 y 5 z 0 tile 0102 end
tile_7_begin x 7 y 5 z 0 tile 0102 end
tile_8_begin x 8 y 5 z 0 tile 0102 end
tile_9_begin x 9 y 5 z 0 tile 0059 end

tile_0_begin x 0 y 6 z 0 tile 0059 end
tile_1_begin x 1 y 6 z 0 tile 0102 end
tile_2_begin x 2 y 6 z 0 tile 0102 end
tile_3_begin x 3 y 6 z 0 tile 0102 end
tile_4_begin x 4 y 6 z 0 tile 0102 end
tile_5_begin x 5 y 6 z 0 tile 0102 end
tile_6_begin x 6 y 6 z 0 tile 0102 end
tile_7_begin x 7 y 6 z 0 tile 0102 end
tile_8_begin x 8 y 6 z 0 tile 0102 end
tile_9_begin x 9 y 6 z 0 tile 0059 end

tile_0_begin x 0 y 7 z 0 tile 0059 end
tile_1_begin x 1 y 7 z 0 tile 0059 end
tile_2_begin x 2 y 7 z 0 tile 0059 end
tile_3_begin x 3 y 7 z 0 tile 0059 end
tile_4_begin x 4 y 7 z 0 tile 0059 end
tile_5_begin x 5 y 7 z 0 tile 0059 end
tile_6_begin x 6 y 7 z 0 tile 0059 end
tile_7_begin x 7 y 7 z 0 tile 0059 end
tile_8_begin x 8 y 7 z 0 tile 0059 end
tile_9_begin x 9 y 7 z 0 tile 0059 end
