map_width 80 map_height 60 tileset temp-tileset.png

tile_0_begin x 0 y 0 z 0 tile 0102 end
tile_1_begin x 1 y 0 z 0 tile 0102 end
tile_2_begin x 2 y 0 z 0 tile 0102 end
tile_3_begin x 3 y 0 z 0 tile 0102 end
tile_4_begin x 4 y 0 z 0 tile 0102 end
tile_5_begin x 5 y 0 z 0 tile 0102 end
tile_6_begin x 6 y 0 z 0 tile 0102 end
tile_7_begin x 7 y 0 z 0 tile 0102 end
tile_8_begin x 8 y 0 z 0 tile 0102 end
tile_9_begin x 9 y 0 z 0 tile 0102 end
tile_10_begin x 10 y 0 z 0 tile 0102 end
tile_11_begin x 11 y 0 z 0 tile 0102 end
tile_12_begin x 12 y 0 z 0 tile 0102 end
tile_13_begin x 13 y 0 z 0 tile 0102 end
tile_14_begin x 14 y 0 z 0 tile 0102 end
tile_15_begin x 15 y 0 z 0 tile 0102 end
tile_16_begin x 16 y 0 z 0 tile 0102 end
tile_17_begin x 17 y 0 z 0 tile 0102 end
tile_18_begin x 18 y 0 z 0 tile 0102 end
tile_19_begin x 19 y 0 z 0 tile 0102 end
tile_20_begin x 20 y 0 z 0 tile 0102 end
tile_21_begin x 21 y 0 z 0 tile 0102 end
tile_22_begin x 22 y 0 z 0 tile 0102 end
tile_23_begin x 23 y 0 z 0 tile 0102 end
tile_24_begin x 24 y 0 z 0 tile 0102 end
tile_25_begin x 25 y 0 z 0 tile 0102 end
tile_26_begin x 26 y 0 z 0 tile 0102 end
tile_27_begin x 27 y 0 z 0 tile 0102 end
tile_28_begin x 28 y 0 z 0 tile 0102 end
tile_29_begin x 29 y 0 z 0 tile 0102 end
tile_30_begin x 30 y 0 z 0 tile 0102 end
tile_31_begin x 31 y 0 z 0 tile 0102 end
tile_32_begin x 32 y 0 z 0 tile 0102 end
tile_33_begin x 33 y 0 z 0 tile 0102 end
tile_34_begin x 34 y 0 z 0 tile 0102 end
tile_35_begin x 35 y 0 z 0 tile 0102 end
tile_36_begin x 36 y 0 z 0 tile 0102 end
tile_37_begin x 37 y 0 z 0 tile 0102 end
tile_38_begin x 38 y 0 z 0 tile 0102 end
tile_39_begin x 39 y 0 z 0 tile 0102 end
tile_40_begin x 40 y 0 z 0 tile 0102 end
tile_41_begin x 41 y 0 z 0 tile 0102 end
tile_42_begin x 42 y 0 z 0 tile 0102 end
tile_43_begin x 43 y 0 z 0 tile 0102 end
tile_44_begin x 44 y 0 z 0 tile 0102 end
tile_45_begin x 45 y 0 z 0 tile 0102 end
tile_46_begin x 46 y 0 z 0 tile 0102 end
tile_47_begin x 47 y 0 z 0 tile 0102 end
tile_48_begin x 48 y 0 z 0 tile 0102 end
tile_49_begin x 49 y 0 z 0 tile 0102 end
tile_50_begin x 50 y 0 z 0 tile 0102 end
tile_51_begin x 51 y 0 z 0 tile 0102 end
tile_52_begin x 52 y 0 z 0 tile 0102 end
tile_53_begin x 53 y 0 z 0 tile 0102 end
tile_54_begin x 54 y 0 z 0 tile 0102 end
tile_55_begin x 55 y 0 z 0 tile 0102 end
tile_56_begin x 56 y 0 z 0 tile 0102 end
tile_57_begin x 57 y 0 z 0 tile 0102 end
tile_58_begin x 58 y 0 z 0 tile 0102 end
tile_59_begin x 59 y 0 z 0 tile 0102 end
tile_60_begin x 60 y 0 z 0 tile 0102 end
tile_61_begin x 61 y 0 z 0 tile 0102 end
tile_62_begin x 62 y 0 z 0 tile 0102 end
tile_63_begin x 63 y 0 z 0 tile 0102 end
tile_64_begin x 64 y 0 z 0 tile 0102 end
tile_65_begin x 65 y 0 z 0 tile 0102 end
tile_66_begin x 66 y 0 z 0 tile 0102 end
tile_67_begin x 67 y 0 z 0 tile 0102 end
tile_68_begin x 68 y 0 z 0 tile 0102 end
tile_69_begin x 69 y 0 z 0 tile 0102 end
tile_70_begin x 70 y 0 z 0 tile 0102 end
tile_71_begin x 71 y 0 z 0 tile 0102 end
tile_72_begin x 72 y 0 z 0 tile 0102 end
tile_73_begin x 73 y 0 z 0 tile 0102 end
tile_74_begin x 74 y 0 z 0 tile 0102 end
tile_75_begin x 75 y 0 z 0 tile 0102 end
tile_76_begin x 76 y 0 z 0 tile 0102 end
tile_77_begin x 77 y 0 z 0 tile 0102 end
tile_78_begin x 78 y 0 z 0 tile 0102 end
tile_79_begin x 79 y 0 z 0 tile 0102 end
tile_80_begin x 0 y 1 z 0 tile 0102 end
tile_81_begin x 1 y 1 z 0 tile 0059 end
tile_82_begin x 2 y 1 z 0 tile 0059 end
tile_83_begin x 3 y 1 z 0 tile 0059 end
tile_84_begin x 4 y 1 z 0 tile 0059 end
tile_85_begin x 5 y 1 z 0 tile 0059 end
tile_86_begin x 6 y 1 z 0 tile 0059 end
tile_87_begin x 7 y 1 z 0 tile 0059 end
tile_88_begin x 8 y 1 z 0 tile 0059 end
tile_89_begin x 9 y 1 z 0 tile 0059 end
tile_90_begin x 10 y 1 z 0 tile 0059 end
tile_91_begin x 11 y 1 z 0 tile 0059 end
tile_92_begin x 12 y 1 z 0 tile 0059 end
tile_93_begin x 13 y 1 z 0 tile 0059 end
tile_94_begin x 14 y 1 z 0 tile 0059 end
tile_95_begin x 15 y 1 z 0 tile 0059 end
tile_96_begin x 16 y 1 z 0 tile 0059 end
tile_97_begin x 17 y 1 z 0 tile 0059 end
tile_98_begin x 18 y 1 z 0 tile 0059 end
tile_99_begin x 19 y 1 z 0 tile 0059 end
